// Jest Snapshot v1, https://goo.gl/fbAQLP

exports[`FaqItem renders a FAQ item 1`] = `
<li
  className="faq-item"
>
  <h2
    className="question"
  >
    What is the answer to life the universe and everything?
  </h2>
  <p>
    42
  </p>
</li>
`;
